[2024-02-17T18:41:54.378+0000][gc,heap] Heap region size: 1M
[2024-02-17T18:41:54.507+0000][gc     ] Using G1
[2024-02-17T18:41:54.507+0000][gc,heap,coops] Heap address: 0x00000000c0000000, size: 1024 MB, Compressed Oops mode: 32-bit
[2024-02-17T18:41:54.507+0000][gc,cds       ] Mark closed archive regions in map: [0x00000000fff00000, 0x00000000fff6bff8]
[2024-02-17T18:41:54.507+0000][gc,cds       ] Mark open archive regions in map: [0x00000000ffe00000, 0x00000000ffe47ff8]
[2024-02-17T18:41:59.185+0000][gc,start     ] GC(0) Pause Young (Normal) (G1 Evacuation Pause)
[2024-02-17T18:41:59.185+0000][gc,task      ] GC(0) Using 2 workers of 2 for evacuation
[2024-02-17T18:41:59.200+0000][gc,phases    ] GC(0)   Pre Evacuate Collection Set: 0.0ms
[2024-02-17T18:41:59.200+0000][gc,phases    ] GC(0)   Evacuate Collection Set: 14.5ms
[2024-02-17T18:41:59.200+0000][gc,phases    ] GC(0)   Post Evacuate Collection Set: 0.2ms
[2024-02-17T18:41:59.200+0000][gc,phases    ] GC(0)   Other: 0.4ms
[2024-02-17T18:41:59.200+0000][gc,heap      ] GC(0) Eden regions: 51->0(44)
[2024-02-17T18:41:59.200+0000][gc,heap      ] GC(0) Survivor regions: 0->7(7)
[2024-02-17T18:41:59.200+0000][gc,heap      ] GC(0) Old regions: 2->2
[2024-02-17T18:41:59.200+0000][gc,heap      ] GC(0) Humongous regions: 0->0
[2024-02-17T18:41:59.200+0000][gc,metaspace ] GC(0) Metaspace: 16277K(17024K)->16277K(17024K) NonClass: 14101K(14592K)->14101K(14592K) Class: 2176K(2432K)->2176K(2432K)
[2024-02-17T18:41:59.200+0000][gc           ] GC(0) Pause Young (Normal) (G1 Evacuation Pause) 51M->7M(1024M) 15.394ms
[2024-02-17T18:41:59.200+0000][gc,cpu       ] GC(0) User=0.01s Sys=0.00s Real=0.01s
[2024-02-17T18:41:59.898+0000][gc,start     ] GC(1) Pause Young (Concurrent Start) (Metadata GC Threshold)
[2024-02-17T18:41:59.898+0000][gc,task      ] GC(1) Using 2 workers of 2 for evacuation
[2024-02-17T18:41:59.943+0000][gc,mmu       ] GC(1) MMU target violated: 21.0ms (20.0ms/21.0ms)
[2024-02-17T18:41:59.943+0000][gc,phases    ] GC(1)   Pre Evacuate Collection Set: 0.0ms
[2024-02-17T18:41:59.943+0000][gc,phases    ] GC(1)   Evacuate Collection Set: 44.3ms
[2024-02-17T18:41:59.943+0000][gc,phases    ] GC(1)   Post Evacuate Collection Set: 0.3ms
[2024-02-17T18:41:59.943+0000][gc,phases    ] GC(1)   Other: 0.6ms
[2024-02-17T18:41:59.943+0000][gc,heap      ] GC(1) Eden regions: 19->0(50)
[2024-02-17T18:41:59.943+0000][gc,heap      ] GC(1) Survivor regions: 7->1(7)
[2024-02-17T18:41:59.943+0000][gc,heap      ] GC(1) Old regions: 2->9
[2024-02-17T18:41:59.943+0000][gc,heap      ] GC(1) Humongous regions: 0->0
[2024-02-17T18:41:59.943+0000][gc,metaspace ] GC(1) Metaspace: 20593K(21248K)->20593K(21248K) NonClass: 17790K(18176K)->17790K(18176K) Class: 2803K(3072K)->2803K(3072K)
[2024-02-17T18:41:59.943+0000][gc           ] GC(1) Pause Young (Concurrent Start) (Metadata GC Threshold) 25M->7M(1024M) 45.329ms
[2024-02-17T18:41:59.943+0000][gc,cpu       ] GC(1) User=0.03s Sys=0.00s Real=0.05s
[2024-02-17T18:41:59.944+0000][gc           ] GC(2) Concurrent Cycle
[2024-02-17T18:41:59.944+0000][gc,marking   ] GC(2) Concurrent Clear Claimed Marks
[2024-02-17T18:41:59.944+0000][gc,marking   ] GC(2) Concurrent Clear Claimed Marks 0.031ms
[2024-02-17T18:41:59.944+0000][gc,marking   ] GC(2) Concurrent Scan Root Regions
[2024-02-17T18:41:59.949+0000][gc,marking   ] GC(2) Concurrent Scan Root Regions 4.680ms
[2024-02-17T18:41:59.949+0000][gc,marking   ] GC(2) Concurrent Mark (5.587s)
[2024-02-17T18:41:59.949+0000][gc,marking   ] GC(2) Concurrent Mark From Roots
[2024-02-17T18:41:59.949+0000][gc,task      ] GC(2) Using 1 workers of 1 for marking
[2024-02-17T18:41:59.968+0000][gc,marking   ] GC(2) Concurrent Mark From Roots 19.440ms
[2024-02-17T18:41:59.968+0000][gc,marking   ] GC(2) Concurrent Preclean
[2024-02-17T18:41:59.968+0000][gc,marking   ] GC(2) Concurrent Preclean 0.074ms
[2024-02-17T18:41:59.968+0000][gc,marking   ] GC(2) Concurrent Mark (5.587s, 5.607s) 19.589ms
[2024-02-17T18:41:59.972+0000][gc,start     ] GC(2) Pause Remark
[2024-02-17T18:41:59.974+0000][gc,stringtable] GC(2) Cleaned string and symbol table, strings: 5504 processed, 0 removed, symbols: 50557 processed, 50 removed
[2024-02-17T18:41:59.975+0000][gc            ] GC(2) Pause Remark 8M->8M(1024M) 2.721ms
[2024-02-17T18:41:59.975+0000][gc,cpu        ] GC(2) User=0.01s Sys=0.00s Real=0.00s
[2024-02-17T18:41:59.975+0000][gc,marking    ] GC(2) Concurrent Rebuild Remembered Sets
[2024-02-17T18:41:59.996+0000][gc,marking    ] GC(2) Concurrent Rebuild Remembered Sets 21.516ms
[2024-02-17T18:41:59.997+0000][gc,start      ] GC(2) Pause Cleanup
[2024-02-17T18:41:59.997+0000][gc            ] GC(2) Pause Cleanup 8M->8M(1024M) 0.180ms
[2024-02-17T18:41:59.997+0000][gc,cpu        ] GC(2) User=0.00s Sys=0.00s Real=0.00s
[2024-02-17T18:41:59.997+0000][gc,marking    ] GC(2) Concurrent Cleanup for Next Mark
[2024-02-17T18:42:00.055+0000][gc,marking    ] GC(2) Concurrent Cleanup for Next Mark 57.410ms
[2024-02-17T18:42:00.055+0000][gc            ] GC(2) Concurrent Cycle 110.971ms
[2024-02-17T18:42:02.069+0000][gc,start      ] GC(3) Pause Young (Normal) (G1 Evacuation Pause)
[2024-02-17T18:42:02.069+0000][gc,task       ] GC(3) Using 2 workers of 2 for evacuation
[2024-02-17T18:42:02.076+0000][gc,phases     ] GC(3)   Pre Evacuate Collection Set: 0.0ms
[2024-02-17T18:42:02.076+0000][gc,phases     ] GC(3)   Evacuate Collection Set: 6.4ms
[2024-02-17T18:42:02.077+0000][gc,phases     ] GC(3)   Post Evacuate Collection Set: 0.6ms
[2024-02-17T18:42:02.077+0000][gc,phases     ] GC(3)   Other: 0.2ms
[2024-02-17T18:42:02.077+0000][gc,heap       ] GC(3) Eden regions: 50->0(46)
[2024-02-17T18:42:02.077+0000][gc,heap       ] GC(3) Survivor regions: 1->5(7)
[2024-02-17T18:42:02.077+0000][gc,heap       ] GC(3) Old regions: 9->9
[2024-02-17T18:42:02.077+0000][gc,heap       ] GC(3) Humongous regions: 129->129
[2024-02-17T18:42:02.077+0000][gc,metaspace  ] GC(3) Metaspace: 30181K(31356K)->30181K(31356K) NonClass: 26438K(27136K)->26438K(27136K) Class: 3743K(4220K)->3743K(4220K)
[2024-02-17T18:42:02.077+0000][gc            ] GC(3) Pause Young (Normal) (G1 Evacuation Pause) 186M->140M(1024M) 7.468ms
[2024-02-17T18:42:02.077+0000][gc,cpu        ] GC(3) User=0.01s Sys=0.01s Real=0.01s
[2024-02-17T18:42:09.285+0000][gc,start      ] GC(4) Pause Young (Concurrent Start) (Metadata GC Threshold)
[2024-02-17T18:42:09.286+0000][gc,task       ] GC(4) Using 2 workers of 2 for evacuation
[2024-02-17T18:42:09.293+0000][gc,phases     ] GC(4)   Pre Evacuate Collection Set: 0.1ms
[2024-02-17T18:42:09.293+0000][gc,phases     ] GC(4)   Evacuate Collection Set: 7.2ms
[2024-02-17T18:42:09.294+0000][gc,phases     ] GC(4)   Post Evacuate Collection Set: 0.2ms
[2024-02-17T18:42:09.294+0000][gc,phases     ] GC(4)   Other: 0.4ms
[2024-02-17T18:42:09.294+0000][gc,heap       ] GC(4) Eden regions: 21->0(49)
[2024-02-17T18:42:09.294+0000][gc,heap       ] GC(4) Survivor regions: 5->2(7)
[2024-02-17T18:42:09.294+0000][gc,heap       ] GC(4) Old regions: 9->13
[2024-02-17T18:42:09.294+0000][gc,heap       ] GC(4) Humongous regions: 129->129
[2024-02-17T18:42:09.294+0000][gc,metaspace  ] GC(4) Metaspace: 34451K(36048K)->34451K(36048K) NonClass: 30077K(30932K)->30077K(30932K) Class: 4373K(5116K)->4373K(5116K)
[2024-02-17T18:42:09.294+0000][gc            ] GC(4) Pause Young (Concurrent Start) (Metadata GC Threshold) 160M->141M(1024M) 8.538ms
[2024-02-17T18:42:09.294+0000][gc,cpu        ] GC(4) User=0.01s Sys=0.00s Real=0.00s
[2024-02-17T18:42:09.294+0000][gc            ] GC(5) Concurrent Cycle
[2024-02-17T18:42:09.295+0000][gc,marking    ] GC(5) Concurrent Clear Claimed Marks
[2024-02-17T18:42:09.295+0000][gc,marking    ] GC(5) Concurrent Clear Claimed Marks 0.053ms
[2024-02-17T18:42:09.295+0000][gc,marking    ] GC(5) Concurrent Scan Root Regions
[2024-02-17T18:42:09.296+0000][gc,marking    ] GC(5) Concurrent Scan Root Regions 1.021ms
[2024-02-17T18:42:09.296+0000][gc,marking    ] GC(5) Concurrent Mark (14.935s)
[2024-02-17T18:42:09.296+0000][gc,marking    ] GC(5) Concurrent Mark From Roots
[2024-02-17T18:42:09.296+0000][gc,task       ] GC(5) Using 1 workers of 1 for marking
[2024-02-17T18:42:09.340+0000][gc,marking    ] GC(5) Concurrent Mark From Roots 43.187ms
[2024-02-17T18:42:09.340+0000][gc,marking    ] GC(5) Concurrent Preclean
[2024-02-17T18:42:09.340+0000][gc,marking    ] GC(5) Concurrent Preclean 0.099ms
[2024-02-17T18:42:09.340+0000][gc,marking    ] GC(5) Concurrent Mark (14.935s, 14.979s) 43.636ms
[2024-02-17T18:42:09.340+0000][gc,start      ] GC(5) Pause Remark
[2024-02-17T18:42:09.344+0000][gc,stringtable] GC(5) Cleaned string and symbol table, strings: 10084 processed, 10 removed, symbols: 80530 processed, 23 removed
[2024-02-17T18:42:09.344+0000][gc            ] GC(5) Pause Remark 142M->142M(1024M) 3.959ms
[2024-02-17T18:42:09.344+0000][gc,cpu        ] GC(5) User=0.00s Sys=0.00s Real=0.01s
[2024-02-17T18:42:09.344+0000][gc,marking    ] GC(5) Concurrent Rebuild Remembered Sets
[2024-02-17T18:42:09.370+0000][gc,marking    ] GC(5) Concurrent Rebuild Remembered Sets 25.539ms
[2024-02-17T18:42:09.374+0000][gc,start      ] GC(5) Pause Cleanup
[2024-02-17T18:42:09.374+0000][gc            ] GC(5) Pause Cleanup 143M->143M(1024M) 0.271ms
[2024-02-17T18:42:09.374+0000][gc,cpu        ] GC(5) User=0.00s Sys=0.00s Real=0.00s
[2024-02-17T18:42:09.374+0000][gc,marking    ] GC(5) Concurrent Cleanup for Next Mark
[2024-02-17T18:42:09.390+0000][gc,marking    ] GC(5) Concurrent Cleanup for Next Mark 15.962ms
[2024-02-17T18:42:09.390+0000][gc            ] GC(5) Concurrent Cycle 96.253ms
[2024-02-17T18:45:37.470+0000][gc,start      ] GC(6) Pause Young (Normal) (G1 Evacuation Pause)
[2024-02-17T18:45:37.470+0000][gc,task       ] GC(6) Using 2 workers of 2 for evacuation
[2024-02-17T18:45:37.488+0000][gc,phases     ] GC(6)   Pre Evacuate Collection Set: 0.0ms
[2024-02-17T18:45:37.489+0000][gc,phases     ] GC(6)   Evacuate Collection Set: 17.8ms
[2024-02-17T18:45:37.489+0000][gc,phases     ] GC(6)   Post Evacuate Collection Set: 0.3ms
[2024-02-17T18:45:37.489+0000][gc,phases     ] GC(6)   Other: 0.6ms
[2024-02-17T18:45:37.489+0000][gc,heap       ] GC(6) Eden regions: 49->0(47)
[2024-02-17T18:45:37.489+0000][gc,heap       ] GC(6) Survivor regions: 2->4(7)
[2024-02-17T18:45:37.489+0000][gc,heap       ] GC(6) Old regions: 13->13
[2024-02-17T18:45:37.489+0000][gc,heap       ] GC(6) Humongous regions: 129->129
[2024-02-17T18:45:37.489+0000][gc,metaspace  ] GC(6) Metaspace: 39647K(41808K)->39647K(41808K) NonClass: 34581K(35796K)->34581K(35796K) Class: 5065K(6012K)->5065K(6012K)
[2024-02-17T18:45:37.489+0000][gc            ] GC(6) Pause Young (Normal) (G1 Evacuation Pause) 190M->144M(1024M) 19.434ms
[2024-02-17T18:45:37.489+0000][gc,cpu        ] GC(6) User=0.02s Sys=0.00s Real=0.02s
[2024-02-17T18:58:52.164+0000][gc,start      ] GC(7) Pause Young (Normal) (G1 Evacuation Pause)
[2024-02-17T18:58:52.165+0000][gc,task       ] GC(7) Using 2 workers of 2 for evacuation
[2024-02-17T18:58:52.182+0000][gc,phases     ] GC(7)   Pre Evacuate Collection Set: 0.0ms
[2024-02-17T18:58:52.183+0000][gc,phases     ] GC(7)   Evacuate Collection Set: 17.2ms
[2024-02-17T18:58:52.183+0000][gc,phases     ] GC(7)   Post Evacuate Collection Set: 0.4ms
[2024-02-17T18:58:52.183+0000][gc,phases     ] GC(7)   Other: 0.6ms
[2024-02-17T18:58:52.183+0000][gc,heap       ] GC(7) Eden regions: 47->0(46)
[2024-02-17T18:58:52.183+0000][gc,heap       ] GC(7) Survivor regions: 4->5(7)
[2024-02-17T18:58:52.183+0000][gc,heap       ] GC(7) Old regions: 13->14
[2024-02-17T18:58:52.183+0000][gc,heap       ] GC(7) Humongous regions: 129->129
[2024-02-17T18:58:52.183+0000][gc,metaspace  ] GC(7) Metaspace: 40221K(42448K)->40221K(42448K) NonClass: 35123K(36308K)->35123K(36308K) Class: 5097K(6140K)->5097K(6140K)
[2024-02-17T18:58:52.183+0000][gc            ] GC(7) Pause Young (Normal) (G1 Evacuation Pause) 191M->146M(1024M) 18.889ms
[2024-02-17T18:58:52.183+0000][gc,cpu        ] GC(7) User=0.02s Sys=0.00s Real=0.02s
